Resolving dependencies...
Downloading packages...
  _flutterfire_internals 1.3.35 (1.3.68 available)
  async 2.13.0 (2.13.1 available)
  audioplayers 6.5.1 (6.6.0 available)
  audioplayers_darwin 6.3.0 (6.4.0 available)
  audioplayers_web 5.1.1 (5.2.0 available)
  audioplayers_windows 4.2.1 (4.3.0 available)
  characters 1.4.0 (1.4.1 available)
  cupertino_icons 1.0.8 (1.0.9 available)
  device_info_plus 11.5.0 (12.4.0 available)
  equatable 2.0.7 (2.0.8 available)
  ffi 2.1.4 (2.2.0 available)
  firebase_analytics 10.10.7 (12.2.0 available)
  firebase_analytics_platform_interface 3.10.8 (5.1.0 available)
  firebase_analytics_web 0.5.7+7 (0.6.1+4 available)
  firebase_core 2.32.0 (4.6.0 available)
  firebase_core_platform_interface 5.4.2 (6.0.3 available)
  firebase_core_web 2.24.0 (3.5.1 available)
  firebase_crashlytics 3.5.7 (5.1.0 available)
  firebase_crashlytics_platform_interface 3.6.35 (3.8.19 available)
  firebase_remote_config 4.4.7 (6.3.0 available)
  firebase_remote_config_platform_interface 1.4.35 (2.1.1 available)
  firebase_remote_config_web 1.6.7 (1.10.5 available)
  flame 1.34.0 (1.36.0 available)
  flame_audio 2.11.12 (2.12.0 available)
  flame_spine 0.3.0+1 (0.3.0+4 available)
  flutter_lints 3.0.2 (6.0.0 available)
  get_it 9.2.0 (9.2.1 available)
  google_mobile_ads 5.3.1 (7.0.0 available)
  injectable 2.6.0 (2.7.1+4 available)
  js 0.6.7 (0.7.2 available)
  json_annotation 4.9.0 (4.11.0 available)
  lints 3.0.0 (6.1.0 available)
  matcher 0.12.17 (0.12.19 available)
  material_color_utilities 0.11.1 (0.13.0 available)
  meta 1.17.0 (1.18.2 available)
  path_provider_android 2.2.22 (2.2.23 available)
  path_provider_foundation 2.5.1 (2.6.0 available)
  shared_preferences 2.5.4 (2.5.5 available)
  shared_preferences_android 2.4.18 (2.4.23 available)
  shared_preferences_platform_interface 2.4.1 (2.4.2 available)
  source_span 1.10.1 (1.10.2 available)
  test_api 0.7.7 (0.7.11 available)
  universal_ffi 1.1.3 (1.5.0 available)
  uuid 4.5.2 (4.5.3 available)
  vector_math 2.2.0 (2.3.0 available)
  wasm_ffi 2.0.7 (2.3.0 available)
  webview_flutter 4.13.0 (4.13.1 available)
  webview_flutter_android 4.10.11 (4.10.15 available)
  webview_flutter_platform_interface 2.14.0 (2.15.1 available)
  webview_flutter_wkwebview 3.23.5 (3.24.2 available)
  win32 5.15.0 (6.0.0 available)
  win32_registry 2.1.0 (3.0.2 available)
Got dependencies!
52 packages have newer versions incompatible with dependency constraints.
Try `flutter pub outdated` for more information.
[!] Your app isn't using AndroidX.
    To avoid potential build failures, you can quickly migrate your app by following the steps on https://docs.flutter.dev/release/breaking-changes/androidx-migration .
Running Gradle task 'assembleDebug'...                          
lib/main.dart:250:3: Error: 'if' can't be used as an identifier because it's a keyword.
Try renaming this to be an identifier that isn't a keyword.
  if (!GetIt.I.isRegistered<PrestigeManager>()) {
  ^^
lib/main.dart:250:7: Error: Expected an identifier, but got '!'.
Try inserting an identifier before '!'.
  if (!GetIt.I.isRegistered<PrestigeManager>()) {
      ^
lib/main.dart:250:8: Error: Expected ')' before this.
  if (!GetIt.I.isRegistered<PrestigeManager>()) {
       ^^^^^
lib/main.dart:258:3: Error: 'if' can't be used as an identifier because it's a keyword.
Try renaming this to be an identifier that isn't a keyword.
  if (!GetIt.I.isRegistered<CollectionManager>()) {
  ^^
lib/main.dart:258:7: Error: Expected an identifier, but got '!'.
Try inserting an identifier before '!'.
  if (!GetIt.I.isRegistered<CollectionManager>()) {
      ^
lib/main.dart:258:8: Error: Expected ')' before this.
  if (!GetIt.I.isRegistered<CollectionManager>()) {
       ^^^^^
lib/main.dart:264:3: Error: 'if' can't be used as an identifier because it's a keyword.
Try renaming this to be an identifier that isn't a keyword.
  if (!GetIt.I.isRegistered<LoginRewardsManager>()) {
  ^^
lib/main.dart:264:7: Error: Expected an identifier, but got '!'.
Try inserting an identifier before '!'.
  if (!GetIt.I.isRegistered<LoginRewardsManager>()) {
      ^
lib/main.dart:264:8: Error: Expected ')' before this.
  if (!GetIt.I.isRegistered<LoginRewardsManager>()) {
       ^^^^^
lib/main.dart:267:3: Error: 'if' can't be used as an identifier because it's a keyword.
Try renaming this to be an identifier that isn't a keyword.
  if (!GetIt.I.isRegistered<StreakManager>()) {
  ^^
lib/main.dart:267:7: Error: Expected an identifier, but got '!'.
Try inserting an identifier before '!'.
  if (!GetIt.I.isRegistered<StreakManager>()) {
      ^
lib/main.dart:267:8: Error: Expected ')' before this.
  if (!GetIt.I.isRegistered<StreakManager>()) {
       ^^^^^
lib/main.dart:270:3: Error: 'if' can't be used as an identifier because it's a keyword.
Try renaming this to be an identifier that isn't a keyword.
  if (!GetIt.I.isRegistered<DailyChallengeManager>()) {
  ^^
lib/main.dart:270:7: Error: Expected an identifier, but got '!'.
Try inserting an identifier before '!'.
  if (!GetIt.I.isRegistered<DailyChallengeManager>()) {
      ^
lib/main.dart:270:8: Error: Expected ')' before this.
  if (!GetIt.I.isRegistered<DailyChallengeManager>()) {
       ^^^^^
lib/main.dart:275:3: Error: 'if' can't be used as an identifier because it's a keyword.
Try renaming this to be an identifier that isn't a keyword.
  if (!GetIt.I.isRegistered<GuildWarManager>()) {
  ^^
lib/main.dart:275:7: Error: Expected an identifier, but got '!'.
Try inserting an identifier before '!'.
  if (!GetIt.I.isRegistered<GuildWarManager>()) {
      ^
lib/main.dart:275:8: Error: Expected ')' before this.
  if (!GetIt.I.isRegistered<GuildWarManager>()) {
       ^^^^^
lib/main.dart:278:3: Error: 'if' can't be used as an identifier because it's a keyword.
Try renaming this to be an identifier that isn't a keyword.
  if (!GetIt.I.isRegistered<TournamentManager>()) {
  ^^
lib/main.dart:278:7: Error: Expected an identifier, but got '!'.
Try inserting an identifier before '!'.
  if (!GetIt.I.isRegistered<TournamentManager>()) {
      ^
lib/main.dart:278:8: Error: Expected ')' before this.
  if (!GetIt.I.isRegistered<TournamentManager>()) {
       ^^^^^
lib/main.dart:281:3: Error: 'if' can't be used as an identifier because it's a keyword.
Try renaming this to be an identifier that isn't a keyword.
  if (!GetIt.I.isRegistered<SeasonalContentManager>()) {
  ^^
lib/main.dart:281:7: Error: Expected an identifier, but got '!'.
Try inserting an identifier before '!'.
  if (!GetIt.I.isRegistered<SeasonalContentManager>()) {
      ^
lib/main.dart:281:8: Error: Expected ')' before this.
  if (!GetIt.I.isRegistered<SeasonalContentManager>()) {
       ^^^^^
lib/main.dart:285:26: Error: Expected a function body or '=>'.
Try adding {}.
  _registerAchievements();
                         ^
lib/main.dart:286:25: Error: Expected a function body or '=>'.
Try adding {}.
  _registerDailyQuests();
                        ^
lib/main.dart:287:1: Error: Expected a declaration, but got '}'.
}
^
lib/ui/widgets/monster_display.dart:84:38: Error: The non-ASCII character '환' (U+D658) can't be used in identifiers, only in strings and comments.
Try using an US-ASCII letter, a digit, '_' (an underscore), or '$' (a dollar sign).
              label: 'ui_general_'.tr환생_성공_pointsgained_프레스티지_포인트를,
                                     ^
lib/ui/widgets/monster_display.dart:84:39: Error: The non-ASCII character '생' (U+C0DD) can't be used in identifiers, only in strings and comments.
Try using an US-ASCII letter, a digit, '_' (an underscore), or '$' (a dollar sign).
              label: 'ui_general_'.tr환생_성공_pointsgained_프레스티지_포인트를,
                                      ^
lib/ui/widgets/monster_display.dart:84:41: Error: The non-ASCII character '성' (U+C131) can't be used in identifiers, only in strings and comments.
Try using an US-ASCII letter, a digit, '_' (an underscore), or '$' (a dollar sign).
              label: 'ui_general_'.tr환생_성공_pointsgained_프레스티지_포인트를,
                                        ^
lib/ui/widgets/monster_display.dart:84:42: Error: The non-ASCII character '공' (U+ACF5) can't be used in identifiers, only in strings and comments.
Try using an US-ASCII letter, a digit, '_' (an underscore), or '$' (a dollar sign).
              label: 'ui_general_'.tr환생_성공_pointsgained_프레스티지_포인트를,
                                         ^
lib/ui/widgets/monster_display.dart:84:57: Error: The non-ASCII character '프' (U+D504) can't be used in identifiers, only in strings and comments.
Try using an US-ASCII letter, a digit, '_' (an underscore), or '$' (a dollar sign).
              label: 'ui_general_'.tr환생_성공_pointsgained_프레스티지_포인트를,
                                                        ^
lib/ui/widgets/monster_display.dart:84:58: Error: The non-ASCII character '레' (U+B808) can't be used in identifiers, only in strings and comments.
Try using an US-ASCII letter, a digit, '_' (an underscore), or '$' (a dollar sign).
              label: 'ui_general_'.tr환생_성공_pointsgained_프레스티지_포인트를,
                                                         ^
lib/ui/widgets/monster_display.dart:84:59: Error: The non-ASCII character '스' (U+C2A4) can't be used in identifiers, only in strings and comments.
Try using an US-ASCII letter, a digit, '_' (an underscore), or '$' (a dollar sign).
              label: 'ui_general_'.tr환생_성공_pointsgained_프레스티지_포인트를,
                                                          ^
lib/ui/widgets/monster_display.dart:84:60: Error: The non-ASCII character '티' (U+D2F0) can't be used in identifiers, only in strings and comments.
Try using an US-ASCII letter, a digit, '_' (an underscore), or '$' (a dollar sign).
              label: 'ui_general_'.tr환생_성공_pointsgained_프레스티지_포인트를,
                                                           ^
lib/ui/widgets/monster_display.dart:84:61: Error: The non-ASCII character '지' (U+C9C0) can't be used in identifiers, only in strings and comments.
Try using an US-ASCII letter, a digit, '_' (an underscore), or '$' (a dollar sign).
              label: 'ui_general_'.tr환생_성공_pointsgained_프레스티지_포인트를,
                                                            ^
lib/ui/widgets/monster_display.dart:84:63: Error: The non-ASCII character '포' (U+D3EC) can't be used in identifiers, only in strings and comments.
Try using an US-ASCII letter, a digit, '_' (an underscore), or '$' (a dollar sign).
              label: 'ui_general_'.tr환생_성공_pointsgained_프레스티지_포인트를,
                                                              ^
lib/ui/widgets/monster_display.dart:84:64: Error: The non-ASCII character '인' (U+C778) can't be used in identifiers, only in strings and comments.
Try using an US-ASCII letter, a digit, '_' (an underscore), or '$' (a dollar sign).
              label: 'ui_general_'.tr환생_성공_pointsgained_프레스티지_포인트를,
                                                               ^
lib/ui/widgets/monster_display.dart:84:65: Error: The non-ASCII character '트' (U+D2B8) can't be used in identifiers, only in strings and comments.
Try using an US-ASCII letter, a digit, '_' (an underscore), or '$' (a dollar sign).
              label: 'ui_general_'.tr환생_성공_pointsgained_프레스티지_포인트를,
                                                                ^
lib/ui/widgets/monster_display.dart:84:66: Error: The non-ASCII character '를' (U+B97C) can't be used in identifiers, only in strings and comments.
Try using an US-ASCII letter, a digit, '_' (an underscore), or '$' (a dollar sign).
              label: 'ui_general_'.tr환생_성공_pointsgained_프레스티지_포인트를,
                                                                 ^
../libs/mg_common_game/lib/l10n/localization.dart:24:1: Error: Error when reading '../libs/mg_common_game/lib/l10n/app_localizations.dart': 지정된 파일을 찾을 수 없습니다.

export 'package:mg_common_game/l10n/app_localizations.dart';
^
lib/main.dart:258:3: Error: 'if' is already declared in this scope.
  if (!GetIt.I.isRegistered<CollectionManager>()) {
  ^^
lib/main.dart:250:3: Context: Previous declaration of 'if'.
  if (!GetIt.I.isRegistered<PrestigeManager>()) {
  ^^
lib/main.dart:264:3: Error: 'if' is already declared in this scope.
  if (!GetIt.I.isRegistered<LoginRewardsManager>()) {
  ^^
lib/main.dart:250:3: Context: Previous declaration of 'if'.
  if (!GetIt.I.isRegistered<PrestigeManager>()) {
  ^^
lib/main.dart:267:3: Error: 'if' is already declared in this scope.
  if (!GetIt.I.isRegistered<StreakManager>()) {
  ^^
lib/main.dart:250:3: Context: Previous declaration of 'if'.
  if (!GetIt.I.isRegistered<PrestigeManager>()) {
  ^^
lib/main.dart:270:3: Error: 'if' is already declared in this scope.
  if (!GetIt.I.isRegistered<DailyChallengeManager>()) {
  ^^
lib/main.dart:250:3: Context: Previous declaration of 'if'.
  if (!GetIt.I.isRegistered<PrestigeManager>()) {
  ^^
lib/main.dart:275:3: Error: 'if' is already declared in this scope.
  if (!GetIt.I.isRegistered<GuildWarManager>()) {
  ^^
lib/main.dart:250:3: Context: Previous declaration of 'if'.
  if (!GetIt.I.isRegistered<PrestigeManager>()) {
  ^^
lib/main.dart:278:3: Error: 'if' is already declared in this scope.
  if (!GetIt.I.isRegistered<TournamentManager>()) {
  ^^
lib/main.dart:250:3: Context: Previous declaration of 'if'.
  if (!GetIt.I.isRegistered<PrestigeManager>()) {
  ^^
lib/main.dart:281:3: Error: 'if' is already declared in this scope.
  if (!GetIt.I.isRegistered<SeasonalContentManager>()) {
  ^^
lib/main.dart:250:3: Context: Previous declaration of 'if'.
  if (!GetIt.I.isRegistered<PrestigeManager>()) {
  ^^
lib/main.dart:490:6: Error: '_registerAchievements' is already declared in this scope.
void _registerAchievements() {
     ^^^^^^^^^^^^^^^^^^^^^
lib/main.dart:285:3: Context: Previous declaration of '_registerAchievements'.
  _registerAchievements();
  ^^^^^^^^^^^^^^^^^^^^^
lib/main.dart:458:6: Error: '_registerDailyQuests' is already declared in this scope.
void _registerDailyQuests() {
     ^^^^^^^^^^^^^^^^^^^^
lib/main.dart:286:3: Context: Previous declaration of '_registerDailyQuests'.
  _registerDailyQuests();
  ^^^^^^^^^^^^^^^^^^^^
../libs/mg_common_game/lib/l10n/localization.dart:89:3: Error: Type 'AppLocalizations' not found.
  AppLocalizations get l10n => AppLocalizations.of(this)!;
  ^^^^^^^^^^^^^^^^
lib/main.dart:8:1: Error: 'GameState' is imported from both 'package:game/core/game_state.dart' and 'package:mg_common_game/core/engine/game_manager.dart'.
import 'core/game_state.dart';
^^^^^^^^^
../libs/mg_common_game/lib/l10n/localization.dart:81:3: Error: Undefined name 'AppLocalizations'.
  AppLocalizations.delegate,
  ^^^^^^^^^^^^^^^^
lib/main.dart:254:5: Error: 'await' can only be used in 'async' or 'async*' methods.
    await prestigeManager.loadPrestigeData();
    ^^^^^
lib/main.dart:265:31: Error: Method not found: 'LoginRewardsManager'.
    GetIt.I.registerSingleton(LoginRewardsManager());
                              ^^^^^^^^^^^^^^^^^^^
lib/main.dart:268:31: Error: Method not found: 'StreakManager'.
    GetIt.I.registerSingleton(StreakManager());
                              ^^^^^^^^^^^^^
lib/main.dart:271:31: Error: Method not found: 'DailyChallengeManager'.
    GetIt.I.registerSingleton(DailyChallengeManager());
                              ^^^^^^^^^^^^^^^^^^^^^
lib/main.dart:276:31: Error: Method not found: 'GuildWarManager'.
    GetIt.I.registerSingleton(GuildWarManager());
                              ^^^^^^^^^^^^^^^
lib/main.dart:279:31: Error: Method not found: 'TournamentManager'.
    GetIt.I.registerSingleton(TournamentManager());
                              ^^^^^^^^^^^^^^^^^
lib/main.dart:282:31: Error: Method not found: 'SeasonalContentManager'.
    GetIt.I.registerSingleton(SeasonalContentManager());
                              ^^^^^^^^^^^^^^^^^^^^^^
lib/main.dart:425:40: Error: 'LoginRewardsManager' isn't a type.
          loginRewardsManager: GetIt.I<LoginRewardsManager>(),
                                       ^^^^^^^^^^^^^^^^^^^
lib/main.dart:426:34: Error: 'StreakManager' isn't a type.
          streakManager: GetIt.I<StreakManager>(),
                                 ^^^^^^^^^^^^^
lib/main.dart:427:37: Error: 'DailyChallengeManager' isn't a type.
          challengeManager: GetIt.I<DailyChallengeManager>(),
                                    ^^^^^^^^^^^^^^^^^^^^^
lib/main.dart:436:38: Error: 'GuildWarManager' isn't a type.
            guildWarManager: GetIt.I<GuildWarManager>(),
                                     ^^^^^^^^^^^^^^^
lib/main.dart:441:40: Error: 'TournamentManager' isn't a type.
            tournamentManager: GetIt.I<TournamentManager>(),
                                       ^^^^^^^^^^^^^^^^^
lib/main.dart:446:45: Error: 'SeasonalContentManager' isn't a type.
            seasonalContentManager: GetIt.I<SeasonalContentManager>(),
                                            ^^^^^^^^^^^^^^^^^^^^^^
lib/main.dart:405:25: Error: The getter 'mgSupportedLocales' isn't defined for the type 'MonsterPartyApp'.
 - 'MonsterPartyApp' is from 'package:game/main.dart' ('lib/main.dart').
Try correcting the name to the name of an existing getter, or defining a getter or field named 'mgSupportedLocales'.
      supportedLocales: mgSupportedLocales,
                        ^^^^^^^^^^^^^^^^^^
lib/main.dart:406:31: Error: The getter 'mgLocalizationDelegates' isn't defined for the type 'MonsterPartyApp'.
 - 'MonsterPartyApp' is from 'package:game/main.dart' ('lib/main.dart').
Try correcting the name to the name of an existing getter, or defining a getter or field named 'mgLocalizationDelegates'.
      localizationsDelegates: mgLocalizationDelegates,
                              ^^^^^^^^^^^^^^^^^^^^^^^
lib/main.dart:407:41: Error: The getter 'mgLocalizationDelegates' isn't defined for the type 'MonsterPartyApp'.
 - 'MonsterPartyApp' is from 'package:game/main.dart' ('lib/main.dart').
Try correcting the name to the name of an existing getter, or defining a getter or field named 'mgLocalizationDelegates'.
                localizationsDelegates: mgLocalizationDelegates,
                                        ^^^^^^^^^^^^^^^^^^^^^^^
lib/main.dart:409:36: Error: The getter 'AppColors' isn't defined for the type 'MonsterPartyApp'.
 - 'MonsterPartyApp' is from 'package:game/main.dart' ('lib/main.dart').
Try correcting the name to the name of an existing getter, or defining a getter or field named 'AppColors'.
          scaffoldBackgroundColor: AppColors.background,
                                   ^^^^^^^^^
lib/main.dart:410:25: Error: The getter 'AppColors' isn't defined for the type 'MonsterPartyApp'.
 - 'MonsterPartyApp' is from 'package:game/main.dart' ('lib/main.dart').
Try correcting the name to the name of an existing getter, or defining a getter or field named 'AppColors'.
          primaryColor: AppColors.primary,
                        ^^^^^^^^^
lib/main.dart:412:24: Error: The getter 'AppColors' isn't defined for the type 'MonsterPartyApp'.
 - 'MonsterPartyApp' is from 'package:game/main.dart' ('lib/main.dart').
Try correcting the name to the name of an existing getter, or defining a getter or field named 'AppColors'.
            seedColor: AppColors.primary,
                       ^^^^^^^^^
lib/main.dart:423:36: Error: The method 'DailyHubScreen' isn't defined for the type 'MonsterPartyApp'.
 - 'MonsterPartyApp' is from 'package:game/main.dart' ('lib/main.dart').
Try correcting the name to the name of an existing method, or defining a method named 'DailyHubScreen'.
        '/daily-hub': (context) => DailyHubScreen(
                                   ^^^^^^^^^^^^^^
lib/main.dart:435:38: Error: The method 'GuildWarScreen' isn't defined for the type 'MonsterPartyApp'.
 - 'MonsterPartyApp' is from 'package:game/main.dart' ('lib/main.dart').
Try correcting the name to the name of an existing method, or defining a method named 'GuildWarScreen'.
          '/guild-war': (context) => GuildWarScreen(
                                     ^^^^^^^^^^^^^^
lib/main.dart:440:39: Error: The method 'TournamentScreen' isn't defined for the type 'MonsterPartyApp'.
 - 'MonsterPartyApp' is from 'package:game/main.dart' ('lib/main.dart').
Try correcting the name to the name of an existing method, or defining a method named 'TournamentScreen'.
          '/tournament': (context) => TournamentScreen(
                                      ^^^^^^^^^^^^^^^^
lib/main.dart:445:43: Error: The method 'SeasonalEventScreen' isn't defined for the type 'MonsterPartyApp'.
 - 'MonsterPartyApp' is from 'package:game/main.dart' ('lib/main.dart').
Try correcting the name to the name of an existing method, or defining a method named 'SeasonalEventScreen'.
          '/seasonal-event': (context) => SeasonalEventScreen(
                                          ^^^^^^^^^^^^^^^^^^^
lib/main.dart:407:17: Error: Duplicated named argument 'localizationsDelegates'.
                localizationsDelegates: mgLocalizationDelegates,
                ^^^^^^^^^^^^^^^^^^^^^^
lib/ui/widgets/monster_display.dart:84:36: Error: The getter 'tr환생_성공_pointsgained_프레스티지_포인트를' isn't defined for the type 'String'.
Try correcting the name to the name of an existing getter, or defining a getter or field named 'tr환생_성공_pointsgained_프레스티지_포인트를'.
              label: 'ui_general_'.tr환생_성공_pointsgained_프레스티지_포인트를,
                                   ^^^^^^^^^^^^^^^^^^^^^^^^^^^^^^^
../libs/mg_common_game/lib/l10n/localization.dart:89:32: Error: The getter 'AppLocalizations' isn't defined for the type 'BuildContext'.
 - 'BuildContext' is from 'package:flutter/src/widgets/framework.dart' ('/C:/Users/USER-5/develop/flutter/packages/flutter/lib/src/widgets/framework.dart').
Try correcting the name to the name of an existing getter, or defining a getter or field named 'AppLocalizations'.
  AppLocalizations get l10n => AppLocalizations.of(this)!;
                               ^^^^^^^^^^^^^^^^
lib/ui/settings_screen.dart:60:17: Error: Constant evaluation error:
          const ListTile(
                ^
lib/ui/settings_screen.dart:61:50: Context: Extension operations can't be used in constant expressions.
            title: Text('ui_general_version_100'.tr),
                                                 ^
Target kernel_snapshot_program failed: Exception


FAILURE: Build failed with an exception.

* What went wrong:
Execution failed for task ':app:compileFlutterBuildDebug'.
> Process 'command 'C:\Users\USER-5\develop\flutter\bin\flutter.bat'' finished with non-zero exit value 1

* Try:
> Run with --stacktrace option to get the stack trace.
> Run with --info or --debug option to get more log output.
> Run with --scan to get full insights.
> Get more help at https://help.gradle.org.

BUILD FAILED in 47s
Running Gradle task 'assembleDebug'...                             47.6s
Gradle task assembleDebug failed with exit code 1
